---
source: crates/forge_tool/src/patch/apply.rs
expression: result
snapshot_kind: text
---
<file_content path="/var/folders/v4/ww1bj4dn2ml3k1xrmfgx8sv80000gn/T/.tmpU1fUIf/test.txt">
function computeTotal(items, tax = 0) {
  let total = 0.0;
  for (const item of items) {
    total += item.price * item.quantity;
  }
  return total;
}
</file_content>
