---
source: crates/forge_tool/src/patch/apply.rs
expression: content2
snapshot_kind: text
---
// Header comment


function test() {
    // Inside comment

    let y = 2;


    console.log(y);
}



// Updated footer
