---
source: crates/forge_tool/src/patch/apply_json.rs
expression: actual
snapshot_kind: text
---
<!-- INITIAL -->Hello 世界
<!-- REPLACEMENTS -->
<!-- SEARCH -->世界
<!-- REPLACE -->🌍
<!-- FINAL -->Hello 🌍
