---
source: crates/forge_tool/src/patch/apply_json.rs
expression: actual
snapshot_kind: text
---
<!-- INITIAL -->Hello World
<!-- REPLACEMENTS -->
<!-- SEARCH -->World
<!-- REPLACE -->Forge
<!-- FINAL -->Hello Forge
