---
source: crates/forge_tool/src/patch/apply_json.rs
expression: actual
snapshot_kind: text
---
<!-- INITIAL -->line1
line2line3
line4
<!-- REPLACEMENTS -->
<!-- SEARCH -->line2
<!-- REPLACE -->replaced
<!-- FINAL -->line1
replacedline3
line4
