---
source: crates/forge_tool/src/patch/apply.rs
expression: result
snapshot_kind: text
---
<file_content path="/var/folders/v4/ww1bj4dn2ml3k1xrmfgx8sv80000gn/T/.tmpE1Jp3J/test.txt">
New content
</file_content>
