---
source: crates/forge_domain/src/agent.rs
expression: minimal_agent
snapshot_kind: text
---
{
  "name": "Coder"
}
