---
source: crates/forge_domain/src/tool_result.rs
expression: result
snapshot_kind: text
---
<tool_result><tool_name>test_tool</tool_name><success/></tool_result>
