---
source: crates/forge_domain/src/tool_result.rs
expression: result
snapshot_kind: text
---
<tool_result><tool_name>xml_tool</tool_name><success>{"text":"Special chars: &lt; &gt; &amp; ' \"","nested":{"html":"&lt;div&gt;Test&lt;/div&gt;"}}</success></tool_result>
