---
source: crates/forge_server/tests/test_patches.rs
expression: "String :: from_utf8(patch_output).unwrap()"
---
--- original
+++ modified
@@ -1,20 +1,20 @@
-Thhe only limit to our realisation of tommorrow is our doubtts of today.
-Let us move forward with strong annd active faitth.
+The only limit to our realization of tomorrow is our doubts of today.
+Let us move forward with strong and active faith.

-In thee middle of difficullty lies opporrtunity.
-It's not thaatt I'm so smart, but I stay with the qquestion longer.
+In the middle of difficulty lies opportunity.
+It's not that I'm so smart, but I stay with the question longer.

-Sccuccess is not ffinal, failure is not fataal: It iss the courage to continue thaat counts.
-You misss 100% of the shooots you don't take.
+Success is not final, failure is not fatal: It is the courage to continue that counts.
+You miss 100% of the shots you don't take.

-Happiiness cann bee found even in thee darkest of times, if one only remeembers to turn onn the light.
-Liffe is what happens whhile you arre busy making otherr plans.
+Happiness can be found even in the darkest of times, if one only remembers to turn on the light.
+Life is what happens while you are busy making other plans.

-Do not go wherre the patth may lead, go insttead where there iss no path and leave a trail.
-Tthe only way to do great worrk is to love what you do.
+Do not go where the path may lead, go instead where there is no path and leave a trail.
+The only way to do great work is to love what you do.

-A jouurney of a thousand miles beggins with a single stepp.
-To seee a worrld in a grain of sand and heeaven in a wild flower.
+A journey of a thousand miles begins with a single step.
+To see a world in a grain of sand and heaven in a wild flower.

-Wee cannnot solve oour problems with the same thinking we used when we creatted them.
-It does not mattter how slowly you go as long as you do not stop.
+We cannot solve our problems with the same thinking we used when we created them.
+It does not matter how slowly you go as long as you do not stop.
\ No newline at end of file
