---
source: crates/forge_tool/src/permission/result.rs
expression: display
---
<permission_result>
  <state>granted</state>
  <permission>Execute</permission>
  <path>/test/path</path>
  <context>User approved</context>
</permission_result>
