---
source: crates/forge_app/src/tools/patch/apply_json.rs
expression: actual
---
<!-- INITIAL -->Hello World
<!-- REPLACEMENTS -->
<!-- SEARCH -->World
<!-- APPEND -->!
<!-- FINAL -->Hello World!
