---
source: crates/forge-outline/src/lib.rs
expression: result
---
No source code definitions found.
