---
source: crates/forge_open_router/src/request.rs
expression: router_message
snapshot_kind: text
---
{
  "role": "assistant",
  "content": "Using tool",
  "tool_calls": [
    {
      "id": "123",
      "type": "function",
      "function": {
        "name": "test_tool",
        "arguments": "{\"key\":\"value\"}"
      }
    }
  ]
}
