---
source: crates/forge_tool/src/fetch.rs
expression: result
---
Content type text/plain cannot be simplified to markdown, but here is the raw content:
Contents of http://127.0.0.1:62101/test.txt:
This is raw text content
