---
source: crates/forge_domain/src/entities/tool_result.rs
expression: result.to_string()
snapshot_kind: text
---
<tool_result><tool_name>complex_tool</tool_name><success><address><city>New York</city></address><address><city>Los Angeles</city></address><age>42</age><user>John Doe</user></success></tool_result>
