---
source: crates/forge_main/src/title_format.rs
expression: clean
snapshot_kind: text
---
╔═══╗
║ A ║
╚═══╝
